
<!DOCTYPE html PUBLIC "-//W3C//DTD HTML 4.01 Transitional//EN">
<html>
<head>
<title>Vim: fold.txt</title>
<!--[if IE]>
<link rel="stylesheet" href="vimhelp-ie.css" type="text/css">
<![endif]-->
<!--[if !IE]>-->
<link rel="stylesheet" href="vimhelp.css" type="text/css">
<!--<![endif]-->
</head>
<body>
<div id="d1">
<pre id="sp">                                                                                </pre>
<div id="d2">
<p> Quick links: <a href="help.txt.html">help overview</a> &middot; <a href="quickref.txt.html">quick reference</a> &middot; <a href="help.txt.html#reference_toc">reference manual toc</a> &middot; <a href="index.txt.html">command index</a></p>
<div id="d3">
<pre>
<a name="fold.txt" class="t">fold.txt</a>      For Vim version 7.0.  Last change: 2006 Mar 29


                  VIM REFERENCE MANUAL    by Bram Moolenaar


<a href="fold.txt.html#Folding" class="d">Folding</a>                                         <a name="Folding" class="t">Folding</a> <a name="folding" class="t">folding</a>

jVi supports several of the fold open/close commands.
The <a href="options.txt.html#%27foldopen%27" class="o">'foldopen'</a> option <a href="motion.txt.html#is" class="d">is</a> supported.
The <span class="o">'foldenable'</span> and <span class="o">'foldlevel'</span> <a href="options.txt.html#options" class="d">options</a> are not supported.

2. Fold commands        <a href="fold.txt.html#fold-commands" class="l">fold-commands</a>
3. Fold <a href="options.txt.html#options" class="d">options</a>         <span class="l">fold-options</span>
4. Behavior of folds    <span class="l">fold-behavior</span>

<span class="s">{Vi has no Folding}</span>
<span class="s">{not available when compiled without the +folding feature}</span>

<span class="h">==============================================================================</span>
2. Fold commands                                <a name="fold-commands" class="t">fold-commands</a> <a name="E490" class="t">E490</a>

All <a href="fold.txt.html#folding" class="d">folding</a> commands start with "<a href="scroll.txt.html#z" class="d">z</a>"<a href="repeat.txt.html#." class="d">.</a>  Hint: the "<a href="scroll.txt.html#z" class="d">z</a>" looks like <a href="insert.txt.html#a" class="d">a</a> folded piece
of paper, if you look <a href="motion.txt.html#at" class="d">at</a> <a href="motion.txt.html#it" class="d">it</a> from the side.


<span class="h">OPENING AND CLOSING FOLDS </span>

                                                        <a name="zo" class="t">zo</a>
<a href="fold.txt.html#zo" class="d">zo</a>              Open one fold under the cursor.  When <a href="insert.txt.html#a" class="d">a</a> <a href="intro.txt.html#count" class="d">count</a> <a href="motion.txt.html#is" class="d">is</a> given, that
                many folds deep will be opened.  In <a href="visual.txt.html#Visual" class="d">Visual</a> mode one level of
                folds <a href="motion.txt.html#is" class="d">is</a> opened for all lines in the selected area.

                                                        <a name="zO" class="t">zO</a>
<a href="fold.txt.html#zO" class="d">zO</a>              Open all folds under the cursor recursively.  Folds that don't
                contain the cursor line are unchanged.
                In <a href="visual.txt.html#Visual" class="d">Visual</a> mode <a href="motion.txt.html#it" class="d">it</a> opens all folds that are in the selected
                area, also those that are only partly selected.

                                                        <a name="zc" class="t">zc</a>
<a href="fold.txt.html#zc" class="d">zc</a>              Close one fold under the cursor.  When <a href="insert.txt.html#a" class="d">a</a> <a href="intro.txt.html#count" class="d">count</a> <a href="motion.txt.html#is" class="d">is</a> given, that
                many folds deep are closed.  In <a href="visual.txt.html#Visual" class="d">Visual</a> mode one level of folds
                <a href="motion.txt.html#is" class="d">is</a> closed for all lines in the selected area.
                <span class="o">'foldenable'</span> will be set.

                                                        <a name="zC" class="t">zC</a>
<a href="fold.txt.html#zC" class="d">zC</a>              Close all folds under the cursor recursively.  Folds that
                don't contain the cursor line are unchanged.
                In <a href="visual.txt.html#Visual" class="d">Visual</a> mode <a href="motion.txt.html#it" class="d">it</a> closes all folds that are in the selected
                area, also those that are only partly selected.
                <span class="o">'foldenable'</span> will be set.

                                                        <a name="za" class="t">za</a>
<a href="fold.txt.html#za" class="d">za</a>              When on <a href="insert.txt.html#a" class="d">a</a> closed fold: open it.  When folds are nested, you
                may have to use "<a href="fold.txt.html#za" class="d">za</a>" several times.  When <a href="insert.txt.html#a" class="d">a</a> <a href="intro.txt.html#count" class="d">count</a> <a href="motion.txt.html#is" class="d">is</a> given,
                that many closed folds are opened.
                When on an open fold: close <a href="motion.txt.html#it" class="d">it</a> and set <span class="o">'foldenable'</span><a href="repeat.txt.html#." class="d">.</a>  This
                will only close one level, since using "<a href="fold.txt.html#za" class="d">za</a>" again will open
                the fold.  When <a href="insert.txt.html#a" class="d">a</a> <a href="intro.txt.html#count" class="d">count</a> <a href="motion.txt.html#is" class="d">is</a> given that many folds will be
                closed (that's not the same <a href="motion.txt.html#as" class="d">as</a> <a href="repeat.txt.html#repeating" class="d">repeating</a> "<a href="fold.txt.html#za" class="d">za</a>" that many
                times).

                                                        <a name="zA" class="t">zA</a>
<a href="fold.txt.html#zA" class="d">zA</a>              When on <a href="insert.txt.html#a" class="d">a</a> closed fold: open <a href="motion.txt.html#it" class="d">it</a> recursively.
                When on an open fold: close <a href="motion.txt.html#it" class="d">it</a> recursively and set
                <span class="o">'foldenable'</span><a href="repeat.txt.html#." class="d">.</a>

                                                        <a name="zv" class="t">zv</a>
<a href="fold.txt.html#zv" class="d">zv</a>              View cursor line: Open just enough folds to make the line in
                which the cursor <a href="motion.txt.html#is" class="d">is</a> located not folded.

                                                        <a name="zM" class="t">zM</a>
<a href="fold.txt.html#zM" class="d">zM</a>              Close all folds. This folds M-ore and M-ore.

                                                        <a name="zR" class="t">zR</a>
<a href="fold.txt.html#zR" class="d">zR</a>              Open all folds. This R-educes folds until none left.

<span class="h">==============================================================================</span>
 vim:tw=78:ts=8:sw=8:noet:

</pre>
</div>
<p> Quick links: <a href="help.txt.html">help overview</a> &middot; <a href="quickref.txt.html">quick reference</a> &middot; <a href="help.txt.html#reference_toc">reference manual toc</a> &middot; <a href="index.txt.html">command index</a></p>
<p id="footer">These help files are maintained with thanks
to Carlo Teubner for his vimhelp to html work.</p>

</div>
</div>
</body></html>