
<!DOCTYPE html PUBLIC "-//W3C//DTD HTML 4.01 Transitional//EN">
<html>
<head>
<title>Vim: tagsearch.txt</title>
<!--[if IE]>
<link rel="stylesheet" href="vimhelp-ie.css" type="text/css">
<![endif]-->
<!--[if !IE]>-->
<link rel="stylesheet" href="vimhelp.css" type="text/css">
<!--<![endif]-->
</head>
<body>
<div id="d1">
<pre id="sp">                                                                                </pre>
<div id="d2">
<p> Quick links: <a href="help.txt.html">help overview</a> &middot; <a href="quickref.txt.html">quick reference</a> &middot; <a href="help.txt.html#reference_toc">reference manual toc</a> &middot; <a href="index.txt.html">command index</a></p>
<div id="d3">
<pre>
<a name="tagsearch.txt" class="t">tagsearch.txt</a> For Vim version 5.6.  Last change: 1999 Aug 09


                  VIM REFERENCE MANUAL    by Bram Moolenaar


Tags and special searches                               <a name="tags-and-searches" class="t">tags-and-searches</a>

1. Jump to <a href="insert.txt.html#a" class="d">a</a> tag                <a href="tagsearch.txt.html#tag-commands" class="l">tag-commands</a>
2. Tag stack                    <a href="tagsearch.txt.html#tag-stack" class="l">tag-stack</a>

<span class="h">==============================================================================</span>
1. Jump to <a href="insert.txt.html#a" class="d">a</a> tag                                        <a name="tag-commands" class="t">tag-commands</a>

                                                        <a name="tags" class="t">tags</a>
<a href="insert.txt.html#A" class="d">A</a> tag <a href="motion.txt.html#is" class="d">is</a> an identifier that appears in <a href="insert.txt.html#a" class="d">a</a> "<a href="tagsearch.txt.html#tags" class="d">tags</a>" file.  It <a href="motion.txt.html#is" class="d">is</a> <a href="insert.txt.html#a" class="d">a</a> sort of label
that can be jumped to.  For example: In <a href="change.txt.html#C" class="d">C</a> programs each function name can be
used <a href="motion.txt.html#as" class="d">as</a> <a href="insert.txt.html#a" class="d">a</a> tag.  The "<a href="tagsearch.txt.html#tags" class="d">tags</a>" file has to be generated by <a href="insert.txt.html#a" class="d">a</a> program like ctags,
before the tag commands can be used.

With the "<a href="tagsearch.txt.html#%3Atag" class="d">:tag</a>" command the cursor will be positioned on the tag.  With the
<span class="k">CTRL-]</span> command, the keyword on which the cursor <a href="motion.txt.html#is" class="d">is</a> standing <a href="motion.txt.html#is" class="d">is</a> used <a href="motion.txt.html#as" class="d">as</a> the
tag.  If the cursor <a href="motion.txt.html#is" class="d">is</a> not on <a href="insert.txt.html#a" class="d">a</a> keyword, the first keyword to the right of the
cursor <a href="motion.txt.html#is" class="d">is</a> used.

The "<a href="tagsearch.txt.html#%3Atag" class="d">:tag</a>" command works very well for <a href="change.txt.html#C" class="d">C</a> programs.  If you see <a href="insert.txt.html#a" class="d">a</a> call to <a href="insert.txt.html#a" class="d">a</a>
function and wonder what that function does, position the cursor inside of the
function name and hit <span class="k">CTRL-]</span><a href="repeat.txt.html#." class="d">.</a>  This will bring you to the function definition.
An easy way back <a href="motion.txt.html#is" class="d">is</a> with the <a href="tagsearch.txt.html#CTRL-T" class="k">CTRL-T</a> command.  Also read about the tag stack
below.

                                                        <a name="%3Ata" class="t">:ta</a> <a name="%3Atag" class="t">:tag</a>
:ta[g] <span class="s">{ident}</span>          Jump to the definition of <span class="s">{ident}</span><a href="motion.txt.html#%2C" class="d">,</a> using the
                        information in the <a href="tagsearch.txt.html#tags" class="d">tags</a> file(s).  Put <span class="s">{ident}</span> in the
                        tag stack.
                        <span class="s">{ident}</span> can be <a href="insert.txt.html#a" class="d">a</a> <a href="pattern.txt.html#regexp" class="d">regexp</a> pattern, see <span class="l">tag-regexp</span><a href="repeat.txt.html#." class="d">.</a>

<span class="k">CTRL-]</span>                  Same <a href="motion.txt.html#as" class="d">as</a> "<a href="tagsearch.txt.html#%3Atag" class="d">:tag</a> <span class="s">{ident}</span>"<a href="motion.txt.html#%2C" class="d">,</a> where <span class="s">{ident}</span> <a href="motion.txt.html#is" class="d">is</a> the keyword
                        under or after cursor.  {Vi: identifier after the
                        cursor}

                                                        <a name="v_CTRL-%5D" class="t">v_CTRL-]</a>
<span class="s">{Visual}</span><span class="k">CTRL-]</span>          Same <a href="motion.txt.html#as" class="d">as</a> "<a href="tagsearch.txt.html#%3Atag" class="d">:tag</a> <span class="s">{ident}</span>"<a href="motion.txt.html#%2C" class="d">,</a> where <span class="s">{ident}</span> <a href="motion.txt.html#is" class="d">is</a> the text that
                        <a href="motion.txt.html#is" class="d">is</a> highlighted.  <span class="s">{not in Vi}</span>


<span class="h">==============================================================================</span>
2. Tag stack                                            <a name="tag-stack" class="t">tag-stack</a> <a name="tagstack" class="t">tagstack</a>

On the tag stack <a href="motion.txt.html#is" class="d">is</a> remembered which <a href="tagsearch.txt.html#tags" class="d">tags</a> you jumped to, and from where.

                                                        <a name="CTRL-T" class="t">CTRL-T</a>
<a href="tagsearch.txt.html#CTRL-T" class="k">CTRL-T</a>                  Jump to <a href="intro.txt.html#%5Bcount%5D" class="s">[count]</a> older entry in the tag stack
                        (default 1).  <span class="s">{not in Vi}</span>

                                                        <a name="%3Apo" class="t">:po</a> <a name="%3Apop" class="t">:pop</a>
:[count]po[p]           Jump to <a href="intro.txt.html#%5Bcount%5D" class="s">[count]</a> older entry in tag stack (default 1).
                        <span class="s">{not in Vi}</span>

:[count]ta[g]           Jump to <a href="intro.txt.html#%5Bcount%5D" class="s">[count]</a> newer entry in tag stack (default 1).
                        <span class="s">{not in Vi}</span>

                                                        <a name="%3Atags" class="t">:tags</a>
<a href="tagsearch.txt.html#%3Atags" class="d">:tags</a>                   Show the contents of the tag stack.  The active
                        entry <a href="motion.txt.html#is" class="d">is</a> marked with <a href="insert.txt.html#a" class="d">a</a> '&gt;'.  <span class="s">{not in Vi}</span>

The output of "<a href="tagsearch.txt.html#%3Atags" class="d">:tags</a>" looks like this:

   <a href="pattern.txt.html#%23" class="d">#</a> TO tag      FROM line in file/line
   1 main                1  harddisk2:text/vim/test
 <a href="change.txt.html#%3E" class="d">&gt;</a> 2 FuncA              58  <a href="insert.txt.html#i" class="d">i</a> <a href="change.txt.html#%3D" class="d">=</a> FuncA(10);
   3 FuncC             357  harddisk2:text/vim/src/amiga.c

This list shows the <a href="tagsearch.txt.html#tags" class="d">tags</a> that you jumped to and the cursor position before
that jump.  The older <a href="tagsearch.txt.html#tags" class="d">tags</a> are <a href="motion.txt.html#at" class="d">at</a> the top, the newer <a href="motion.txt.html#at" class="d">at</a> the bottom.

The '&gt;' points to the active entry.  This <a href="motion.txt.html#is" class="d">is</a> the tag that will be used by the
next "<a href="tagsearch.txt.html#%3Atag" class="d">:tag</a>" command.  The <a href="tagsearch.txt.html#CTRL-T" class="k">CTRL-T</a> and "<a href="tagsearch.txt.html#%3Apop" class="d">:pop</a>" command will use the position
above the active entry.

Below the "TO" <a href="motion.txt.html#is" class="d">is</a> the number of the current match in the match list.  <span class="n">Note</span>
that this doesn't change when using "<a href="tagsearch.txt.html#%3Apop" class="d">:pop</a>" or "<a href="tagsearch.txt.html#%3Atag" class="d">:tag</a>"<a href="repeat.txt.html#." class="d">.</a>

The line number and file name are remembered to be able to get back to where
you were before the tag command.  The line number will be correct, also when
deleting/inserting lines, unless this was done by another program (e.g.
another instance of Vim).

For the current file, the "file/line" column shows the text <a href="motion.txt.html#at" class="d">at</a> the position.
An indent <a href="motion.txt.html#is" class="d">is</a> removed and <a href="insert.txt.html#a" class="d">a</a> long line <a href="motion.txt.html#is" class="d">is</a> truncated to fit in the window.

You can jump to previously used <a href="tagsearch.txt.html#tags" class="d">tags</a> with several commands.  Some examples:

        "<a href="tagsearch.txt.html#%3Apop" class="d">:pop</a>" or <a href="tagsearch.txt.html#CTRL-T" class="k">CTRL-T</a>        to position before previous tag
        <span class="s">{count}</span><a href="tagsearch.txt.html#CTRL-T" class="k">CTRL-T</a>           to position before <span class="s">{count}</span> older tag
        "<a href="tagsearch.txt.html#%3Atag" class="d">:tag</a>"                  to newer tag
        ":0tag"                 to last used tag

The most obvious way to use this <a href="motion.txt.html#is" class="d">is</a> while browsing through the call graph of
<a href="insert.txt.html#a" class="d">a</a> program.  Consider the following call graph:

        main  ---&gt;  FuncA  ---&gt;  FuncC
              ---&gt;  FuncB

(Explanation: main calls FuncA and FuncB; FuncA calls FuncC).
You can get from main to FuncA by using <span class="k">CTRL-]</span> on the call to FuncA.  Then
you can <span class="k">CTRL-]</span> to get to FuncC.  If you now want to go back to main you can
use <a href="tagsearch.txt.html#CTRL-T" class="k">CTRL-T</a> twice.  Then you can <span class="k">CTRL-]</span> to FuncB.

If you issue <a href="insert.txt.html#a" class="d">a</a> "<a href="tagsearch.txt.html#%3Ata" class="d">:ta</a> <span class="s">{ident}</span>" or <span class="k">CTRL-]</span> command, this tag <a href="motion.txt.html#is" class="d">is</a> inserted <a href="motion.txt.html#at" class="d">at</a> the
current position in the stack.  If the stack was full (it can hold up to 20
entries), the oldest entry <a href="motion.txt.html#is" class="d">is</a> deleted and the older entries shift one
position up (their <a href="index.txt.html#index" class="d">index</a> number <a href="motion.txt.html#is" class="d">is</a> decremented by one).  If the last used
entry was not <a href="motion.txt.html#at" class="d">at</a> the bottom, the entries below the last used one are
deleted.  This means that an old branch in the call graph <a href="motion.txt.html#is" class="d">is</a> lost.  After the
commands explained above the tag stack will look like this:

   <a href="pattern.txt.html#%23" class="d">#</a> TO tag     FROM line in file
   1 main               1  harddisk2:text/vim/test
   2 FuncB             59  harddisk2:text/vim/src/main.c
 

<span class="e"> vim:tw=78:ts=8:sw=8:noet:</span>

</pre>
</div>
<p> Quick links: <a href="help.txt.html">help overview</a> &middot; <a href="quickref.txt.html">quick reference</a> &middot; <a href="help.txt.html#reference_toc">reference manual toc</a> &middot; <a href="index.txt.html">command index</a></p>
<p id="footer">These help files are maintained with thanks
to Carlo Teubner for his vimhelp to html work.</p>

</div>
</div>
</body></html>