
<!DOCTYPE html PUBLIC "-//W3C//DTD HTML 4.01 Transitional//EN">
<html>
<head>
<title>Vim: index.txt</title>
<!--[if IE]>
<link rel="stylesheet" href="vimhelp-ie.css" type="text/css">
<![endif]-->
<!--[if !IE]>-->
<link rel="stylesheet" href="vimhelp.css" type="text/css">
<!--<![endif]-->
</head>
<body>
<div id="d1">
<pre id="sp">                                                                                </pre>
<div id="d2">
<p> Quick links: <a href="help.txt.html">help overview</a> &middot; <a href="quickref.txt.html">quick reference</a> &middot; <a href="help.txt.html#reference_toc">reference manual toc</a> &middot; <a href="index.txt.html">command index</a></p>
<div id="d3">
<pre>
<a name="index.txt" class="t">index.txt</a>     ${jvi-version-title}


                  ${reference-manual}
<a name="%27aleph%27" class="t">'aleph'</a> <a name="%27altkeymap%27" class="t">'altkeymap'</a>
<a name="and" class="t">and</a>

<a href="index.txt.html#%27aleph%27" class="o">'aleph'</a>           <span class="o">'al'</span>      ASCII code of the letter Aleph (Hebrew)
   <a href="index.txt.html#%27altkeymap%27" class="o">'altkeymap'</a>    <span class="o">'akm'</span>     for default second language (Farsi/Hebrew)


FooBar
FooBarBaz


LEGEND FOR THE FIRST COLUMN:    " " works
                                "e" works if platform support, eg an IDE
                                "." future support, may be partial
                                "x" not supported or planned (but plans change)








<span class="n">NOTE:</span> there may be platform specific methods
to block user specified keys from jVi. 
<span class="e">                An example</span>
<span class="e">                of two lines</span>

                                                        <a name="%7Bmotion%7D" class="t">{motion}</a>
<a href="index.txt.html#%7Bmotion%7D" class="s">{motion}</a>        A command that moves the cursor.  See the list at

<span class="h">==============================================================================</span>
<span class="h">==============================================================================</span>
1. Insert mode                                          <a name="insert-index" class="t">insert-index</a>

<span class="h">tag             char            action  </span>
<span class="h">-----------------------------------------------------------------------</span>
                <span class="k">CTRL-@</span>             not used
<span class="l">CTRL-A</span>        <span class="k">CTRL-A</span> <span class="k">CTRL-B</span>   2  add N to number at/after cursor
<span class="h">------------------------------------------------------------------------------</span>


<span class="h">==============================================================================</span>
2. Normal mode                                          <a name="normal-index" class="t">normal-index</a>

N        a number entered before the command
<a href="index.txt.html#%7Bmotion%7D" class="s">{motion}</a> a cursor movement command
SECTION  a section that possibly starts with '}' instead of '{'

<span class="h">tag             char          note action in Normal mode        </span>
<span class="h">------------------------------------------------------------------------------</span>
<span class="l">CTRL-X</span>        <span class="k">CTRL-X</span>          2  add N to number at/after cursor
<a href="index.txt.html#CTRL-E" class="l">CTRL-E</a>        <a href="index.txt.html#CTRL-E" class="k">CTRL-E</a> <a href="index.txt.html#CTRL-E" class="k">CTRL-E</a>      stuff for ctrl e,
                                   (between first <a href="index.txt.html#and" class="d">and</a> second)
                                   second line with <a href="index.txt.html#CTRL-E" class="k">CTRL-E</a> stuff
                                   third line of stuff for ctrl e


                                                        <a name="CTRL-E" class="t">CTRL-E</a>
<a href="index.txt.html#CTRL-E" class="k">CTRL-E</a>                  Scroll window <span class="s">[count]</span> lines downwards in the buffer.
                        Mnemonic: Extra lines.

                                                        <a name="CTRL-D" class="t">CTRL-D</a>
<a href="index.txt.html#CTRL-D" class="k">CTRL-D</a>                  Scroll window Downwards in the buffer.  The number of
                        lines comes from the <span class="o">'scroll'</span> option (default: half a
                        screen).  If <span class="s">[count]</span> given, first set <span class="o">'scroll'</span> option

<a href="index.txt.html#%3CS-Down%3E" class="s">&lt;S-Down&gt;</a>        or                              <a name="%3CS-Down%3E" class="t">&lt;S-Down&gt;</a> <a name="%3CkPageDown%3E" class="t">&lt;kPageDown&gt;</a>
<a href="index.txt.html#%3CPageDown%3E" class="s">&lt;PageDown&gt;</a>      or                              <a name="%3CPageDown%3E" class="t">&lt;PageDown&gt;</a> <a name="CTRL-F" class="t">CTRL-F</a>
<a href="index.txt.html#CTRL-F" class="k">CTRL-F</a>                  Scroll window <span class="s">[count]</span> pages Forwards (downwards) in
                        the buffer.  See also <span class="o">'startofline'</span> option.



</pre>
</div>
<p> Quick links: <a href="help.txt.html">help overview</a> &middot; <a href="quickref.txt.html">quick reference</a> &middot; <a href="help.txt.html#reference_toc">reference manual toc</a> &middot; <a href="index.txt.html">command index</a></p>
<p id="footer">These help files are maintained with thanks
to Carlo Teubner for his vimhelp to html work.</p>

</div>
</div>
</body></html>