
<!DOCTYPE html PUBLIC "-//W3C//DTD HTML 4.01 Transitional//EN">
<html>
<head>
<title>Vim: links.txt</title>
<!--[if IE]>
<link rel="stylesheet" href="vimhelp-ie.css" type="text/css">
<![endif]-->
<!--[if !IE]>-->
<link rel="stylesheet" href="vimhelp.css" type="text/css">
<!--<![endif]-->
</head>
<body>
<div id="d1">
<pre id="sp">                                                                                </pre>
<div id="d2">
<p> Quick links: <a href="help.txt.html">help overview</a> &middot; <a href="quickref.txt.html">quick reference</a> &middot; <a href="help.txt.html#reference_toc">reference manual toc</a> &middot; <a href="index.txt.html">command index</a></p>
<div id="d3">
<pre>

<span class="h">tag             char          note action in Normal mode        </span>
<span class="h">------------------------------------------------------------------------------</span>
<span class="l">CTRL-X</span>        <span class="k">CTRL-X</span>          2  add N to number at/after cursor
<a href="links.txt.html#CTRL-E" class="l">CTRL-E</a>        <a href="links.txt.html#CTRL-E" class="k">CTRL-E</a> <a href="links.txt.html#CTRL-E" class="k">CTRL-E</a>      stuff for ctrl e,
                                   (between first and second)
                                   second line with <a href="links.txt.html#CTRL-E" class="k">CTRL-E</a> stuff
                                   third line of stuff for ctrl e


                                                        <a name="CTRL-E" class="t">CTRL-E</a>
<a href="links.txt.html#CTRL-E" class="k">CTRL-E</a>                  Scroll window <span class="s">[count]</span> lines downwards in the buffer.
                        Mnemonic: Extra lines.

                                                        <a name="CTRL-D" class="t">CTRL-D</a>
<a href="links.txt.html#CTRL-D" class="k">CTRL-D</a>                  Scroll window Downwards in the buffer.  The number of
                        lines comes from the <span class="o">'scroll'</span> option (default: half a
                        screen).  If <span class="s">[count]</span> given, first set <span class="o">'scroll'</span> option



                                 <a name="%27expandtab%27" class="t">'expandtab'</a> <a name="%27et%27" class="t">'et'</a> <a name="%27noexpandtab%27" class="t">'noexpandtab'</a> <a name="%27noet%27" class="t">'noet'</a>
<a href="links.txt.html#%27expandtab%27" class="o">'expandtab'</a> <a href="links.txt.html#%27et%27" class="o">'et'</a>        boolean (default off)
                        local to buffer
                        <span class="s">{not in Vi}</span>
        In Insert mode: Use the appropriate number of spaces to insert a
        <span class="s">&lt;Tab&gt;</span>.  Spaces are used in indents with the '&gt;' and '&lt;' commands and
        when <span class="o">'autoindent'</span> is on.  To insert a real tab when <a href="links.txt.html#%27expandtab%27" class="o">'expandtab'</a> is
        on, use <span class="k">CTRL-V</span><span class="s">&lt;Tab&gt;</span>.  See also <span class="l">:retab</span> and <span class="l">ins-expandtab</span>.
        <span class="n">NOTE:</span> This option is reset when <span class="o">'compatible'</span> is set.


</pre>
</div>
<p> Quick links: <a href="help.txt.html">help overview</a> &middot; <a href="quickref.txt.html">quick reference</a> &middot; <a href="help.txt.html#reference_toc">reference manual toc</a> &middot; <a href="index.txt.html">command index</a></p>
<p id="footer">These help files are maintained with thanks
to Carlo Teubner for his vimhelp to html work.</p>

</div>
</div>
</body></html>